// Jest Snapshot v1, https://goo.gl/fbAQLP

exports[`renders the UI as expected 1`] = `
<form
  onSubmit={[Function]}
>
  <div
    className="logo__login"
  />
  <div
    className="login__form__credentials"
  >
    <h3
      className="login__header"
    >
      Let's get started!
    </h3>
    <input
      className="username"
      id="user_name"
      name="user_name"
      placeholder="Username"
      required={true}
      type="text"
    />
    <input
      className="password"
      id="password"
      name="password"
      placeholder="Password"
      required={true}
      type="password"
    />
    <input
      className="password"
      id="passwordconfirm"
      name="passwordconfirm"
      placeholder="Re-enter Password"
      required={true}
      type="password"
    />
    <button
      className="account_button"
    >
      Create Account
    </button>
  </div>
</form>
`;
